
Allocating common symbols
Common symbol       size              file

val                 0x4               ./main.o

Memory Configuration

Name             Origin             Length             Attributes
*default*        0x00000000         0xffffffff

Linker script and memory map

LOAD ./commonEclipse/system.o
LOAD ./8led.o
LOAD ./at24C04.o
LOAD ./iic.o
LOAD ./init.o
LOAD ./main.o
LOAD c:/software/electronica/arm/eclipsearm/sourcery-g++-lite-arm-2011.03/bin/../lib/gcc/arm-none-eabi/4.5.2/../../../../arm-none-eabi/lib\libc.a
LOAD C:\hlocal\EclipseARMwspace\pr3\commonEclipse\libsedLib.a
LOAD c:/software/electronica/arm/eclipsearm/sourcery-g++-lite-arm-2011.03/bin/../lib/gcc/arm-none-eabi/4.5.2\libgcc.a
LOAD c:/software/electronica/arm/eclipsearm/sourcery-g++-lite-arm-2011.03/bin/../lib/gcc/arm-none-eabi/4.5.2/../../../../arm-none-eabi/lib\libnosys.a
START GROUP
LOAD c:/software/electronica/arm/eclipsearm/sourcery-g++-lite-arm-2011.03/bin/../lib/gcc/arm-none-eabi/4.5.2\libgcc.a
LOAD c:/software/electronica/arm/eclipsearm/sourcery-g++-lite-arm-2011.03/bin/../lib/gcc/arm-none-eabi/4.5.2/../../../../arm-none-eabi/lib\libc.a
END GROUP
                0x0c100000                . = 0xc100000
                0x0c100000                _image_start = .
                0x0c100000                _code_start = .

.text           0x0c100000      0x6e8
 *(.text)
 .text          0x0c100000      0x328 ./commonEclipse/system.o
                0x0c100000                DelayMs
                0x0c100064                sys_init
                0x0c1001a8                port_init
 .text          0x0c100328       0x60 ./8led.o
                0x0c100328                D8Led_init
                0x0c10034c                D8Led_symbol
 .text          0x0c100388       0xb0 ./at24C04.o
                0x0c100388                at24c04_bytewrite
                0x0c1003d8                at24c04_byteread
 .text          0x0c100438      0x184 ./iic.o
                0x0c100438                iic_init
                0x0c10048c                iic_putByte_start
                0x0c1004b0                iic_putByte
                0x0c1004d4                iic_putByte_stop
                0x0c1004f8                iic_getByte_start
                0x0c10051c                iic_getByte
                0x0c100548                iic_getByte_stop
 .text          0x0c1005bc       0x1c ./init.o
                0x0c1005bc                start
 .text          0x0c1005d8      0x110 ./main.o
                0x0c1005d8                Main
                0x0c1006e8                _code_end = .
                0x000006e8                _code_size = SIZEOF (.text)
                0x0c1006e8                _data_start = .

.glue_7         0x0c1006e8        0x0
 .glue_7        0x00000000        0x0 linker stubs

.glue_7t        0x0c1006e8        0x0
 .glue_7t       0x00000000        0x0 linker stubs

.vfp11_veneer   0x0c1006e8        0x0
 .vfp11_veneer  0x00000000        0x0 linker stubs

.v4_bx          0x0c1006e8        0x0
 .v4_bx         0x00000000        0x0 linker stubs

.rodata         0x0c1006e8        0x0
 *(.rodata)

.data           0x0c1006e8       0x4c
 *(.data)
 .data          0x0c1006e8        0xc ./commonEclipse/system.o
                0x0c1006f0                mclk
 .data          0x0c1006f4       0x40 ./8led.o
                0x0c1006f4                Symbol
 .data          0x0c100734        0x0 ./at24C04.o
 .data          0x0c100734        0x0 ./iic.o
 .data          0x0c100734        0x0 ./init.o
 .data          0x0c100734        0x0 ./main.o

.bss            0x0c100734        0x4
 *(.bss)
 .bss           0x0c100734        0x0 ./commonEclipse/system.o
 .bss           0x0c100734        0x0 ./8led.o
 .bss           0x0c100734        0x0 ./at24C04.o
 .bss           0x0c100734        0x0 ./iic.o
 .bss           0x0c100734        0x0 ./init.o
 .bss           0x0c100734        0x0 ./main.o
 COMMON         0x0c100734        0x4 ./main.o
                0x0c100734                val
                0x0c100738                _data_end = .
                0x00000050                _data_size = ((SIZEOF (.rodata) + SIZEOF (.data)) + SIZEOF (.bss))
                0x00000738                _total_size = (_code_size + _data_size)
                0x0c100738                _image_end = .
                0x0c100738                end = .
OUTPUT(pr3.elf elf32-littlearm)

.debug_abbrev   0x00000000      0x356
 .debug_abbrev  0x00000000       0xca ./commonEclipse/system.o
 .debug_abbrev  0x000000ca       0x9b ./8led.o
 .debug_abbrev  0x00000165       0x68 ./at24C04.o
 .debug_abbrev  0x000001cd       0xd3 ./iic.o
 .debug_abbrev  0x000002a0       0x14 ./init.o
 .debug_abbrev  0x000002b4       0xa2 ./main.o

.debug_info     0x00000000      0x58a
 .debug_info    0x00000000      0x120 ./commonEclipse/system.o
 .debug_info    0x00000120       0xa4 ./8led.o
 .debug_info    0x000001c4       0xea ./at24C04.o
 .debug_info    0x000002ae      0x1a5 ./iic.o
 .debug_info    0x00000453       0x5a ./init.o
 .debug_info    0x000004ad       0xdd ./main.o

.debug_line     0x00000000      0x3b7
 .debug_line    0x00000000       0xbe ./commonEclipse/system.o
 .debug_line    0x000000be       0x80 ./8led.o
 .debug_line    0x0000013e       0xa7 ./at24C04.o
 .debug_line    0x000001e5       0xb1 ./iic.o
 .debug_line    0x00000296       0x3d ./init.o
 .debug_line    0x000002d3       0xe4 ./main.o

.debug_macinfo  0x00000000    0x178ed
 .debug_macinfo
                0x00000000     0x4eb5 ./commonEclipse/system.o
 .debug_macinfo
                0x00004eb5     0x543d ./8led.o
 .debug_macinfo
                0x0000a2f2     0x41cb ./at24C04.o
 .debug_macinfo
                0x0000e4bd     0x49fe ./iic.o
 .debug_macinfo
                0x00012ebb     0x4a32 ./main.o

.debug_loc      0x00000000      0x294
 .debug_loc     0x00000000       0x84 ./commonEclipse/system.o
 .debug_loc     0x00000084       0x58 ./8led.o
 .debug_loc     0x000000dc       0x58 ./at24C04.o
 .debug_loc     0x00000134      0x134 ./iic.o
 .debug_loc     0x00000268       0x2c ./main.o

.debug_pubnames
                0x00000000      0x174
 .debug_pubnames
                0x00000000       0x42 ./commonEclipse/system.o
 .debug_pubnames
                0x00000042       0x3d ./8led.o
 .debug_pubnames
                0x0000007f       0x3d ./at24C04.o
 .debug_pubnames
                0x000000bc       0x95 ./iic.o
 .debug_pubnames
                0x00000151       0x23 ./main.o

.debug_pubtypes
                0x00000000       0x9b
 .debug_pubtypes
                0x00000000       0x1d ./commonEclipse/system.o
 .debug_pubtypes
                0x0000001d       0x27 ./at24C04.o
 .debug_pubtypes
                0x00000044       0x30 ./iic.o
 .debug_pubtypes
                0x00000074       0x27 ./main.o

.debug_aranges  0x00000000       0xc0
 .debug_aranges
                0x00000000       0x20 ./commonEclipse/system.o
 .debug_aranges
                0x00000020       0x20 ./8led.o
 .debug_aranges
                0x00000040       0x20 ./at24C04.o
 .debug_aranges
                0x00000060       0x20 ./iic.o
 .debug_aranges
                0x00000080       0x20 ./init.o
 .debug_aranges
                0x000000a0       0x20 ./main.o

.debug_str      0x00000000      0x1df
 .debug_str     0x00000000       0xde ./commonEclipse/system.o
                                 0xf7 (size before relaxing)
 .debug_str     0x000000de       0x2f ./8led.o
                                 0x6d (size before relaxing)
 .debug_str     0x0000010d       0x47 ./at24C04.o
                                 0xe1 (size before relaxing)
 .debug_str     0x00000154       0x75 ./iic.o
                                0x126 (size before relaxing)
 .debug_str     0x000001c9       0x16 ./main.o
                                 0xbd (size before relaxing)

.comment        0x00000000       0x2a
 .comment       0x00000000       0x2a ./commonEclipse/system.o
                                 0x2b (size before relaxing)
 .comment       0x00000000       0x2b ./8led.o
 .comment       0x00000000       0x2b ./at24C04.o
 .comment       0x00000000       0x2b ./iic.o
 .comment       0x00000000       0x2b ./main.o

.ARM.attributes
                0x00000000       0x30
 .ARM.attributes
                0x00000000       0x32 ./commonEclipse/system.o
 .ARM.attributes
                0x00000032       0x32 ./8led.o
 .ARM.attributes
                0x00000064       0x32 ./at24C04.o
 .ARM.attributes
                0x00000096       0x32 ./iic.o
 .ARM.attributes
                0x000000c8       0x22 ./init.o
 .ARM.attributes
                0x000000ea       0x32 ./main.o

.debug_frame    0x00000000      0x230
 .debug_frame   0x00000000       0x70 ./commonEclipse/system.o
 .debug_frame   0x00000070       0x50 ./8led.o
 .debug_frame   0x000000c0       0x50 ./at24C04.o
 .debug_frame   0x00000110       0xf0 ./iic.o
 .debug_frame   0x00000200       0x30 ./main.o
